// Vitest Snapshot v1, https://vitest.dev/guide/snapshot.html

exports[`chart book snapshot (b-) > expo: plans, public and private views are unchanged 1`] = `
{
  "book": "b784ed5985cb480f",
  "plans": 12,
  "views": "3911cb20841ecf90",
}
`;

exports[`chart book snapshot (b-) > four: plans, public and private views are unchanged 1`] = `
{
  "book": "54797d8cd6b9b798",
  "plans": 6,
  "views": "edb3a63c9339e994",
}
`;

exports[`chart book snapshot (b-) > noCommonWindow: plans, public and private views are unchanged 1`] = `
{
  "book": "75140594bc15a938",
  "plans": 24,
  "views": "eeb73dbba4fd8e8a",
}
`;

exports[`chart book snapshot (b-) > pair: plans, public and private views are unchanged 1`] = `
{
  "book": "c21417e73615917a",
  "plans": 12,
  "views": "0ef7b2c7b5f27c8d",
}
`;

exports[`chart book snapshot (b-) > picky: plans, public and private views are unchanged 1`] = `
{
  "book": "705fb6c25d999938",
  "plans": 12,
  "views": "f721c83d8ef78d26",
}
`;

exports[`chart book snapshot (b-) > solo: plans, public and private views are unchanged 1`] = `
{
  "book": "d95762841a02d4d8",
  "plans": 30,
  "views": "17556a5a19657490",
}
`;

exports[`chart book snapshot (b-) > w2: plans, public and private views are unchanged 1`] = `
{
  "book": "7a6afbd10879f5d4",
  "plans": 12,
  "views": "e9e5069fa6d59f00",
}
`;
