// Vitest Snapshot v1, https://vitest.dev/guide/snapshot.html

exports[`chart book snapshot (b-) > expo: plans, public and private views are unchanged 1`] = `
{
  "book": "19e5216994d7f60b",
  "plans": 12,
  "views": "6e6b2cc05b39c324",
}
`;

exports[`chart book snapshot (b-) > four: plans, public and private views are unchanged 1`] = `
{
  "book": "c3ac25ddb96b9cc8",
  "plans": 6,
  "views": "a3a7d7a195d5754f",
}
`;

exports[`chart book snapshot (b-) > noCommonWindow: plans, public and private views are unchanged 1`] = `
{
  "book": "8f07f11ccf376f48",
  "plans": 24,
  "views": "f12baa73c94da358",
}
`;

exports[`chart book snapshot (b-) > pair: plans, public and private views are unchanged 1`] = `
{
  "book": "e10719967517d9bf",
  "plans": 12,
  "views": "dda57dee6df0960d",
}
`;

exports[`chart book snapshot (b-) > picky: plans, public and private views are unchanged 1`] = `
{
  "book": "212d52a35487fd38",
  "plans": 12,
  "views": "0cd3f1f1173eff54",
}
`;

exports[`chart book snapshot (b-) > solo: plans, public and private views are unchanged 1`] = `
{
  "book": "1b5e24e6f20132e4",
  "plans": 30,
  "views": "9ce1d43d761e0504",
}
`;

exports[`chart book snapshot (b-) > w2: plans, public and private views are unchanged 1`] = `
{
  "book": "6d775075d07a2011",
  "plans": 12,
  "views": "32427eff417a257a",
}
`;
